// Jest Snapshot v1, https://goo.gl/fbAQLP

exports[`renders correctly 1`] = `
<View
  style={
    Object {
      "backgroundColor": "white",
      "margin": 10,
      "padding": 20,
    }
  }
>
  <Text
    style={
      Object {
        "fontSize": 20,
      }
    }
  >
    Each town handles trash bags differently. Find the rules for your town
  </Text>
  <Text
    style={
      Object {
        "fontSize": 16,
        "marginTop": 20,
      }
    }
  >
    Trash bag tracking starts Thursday 04/30/2020 and ends Tuesday 05/05/2020
  </Text>
</View>
`;
